
> react-example@0.0.0 build
> vite build

[36mvite v6.4.1 [32mbuilding for production...[36m[39m
transforming...
[32mΓ£ô[39m 2301 modules transformed.
node.exe : [33m[plugin 
vite:reporter] 
At line:1 char:1
+ & "C:\Program 
Files\nodejs/node.exe" "C:\Use
rs\rv941\AppData\Roaming\ ...
+ ~~~~~~~~~~~~~~~~~~~~~~~~~~~~
~~~~~~~~~~~~~~~~~~~~~~~~~~~~~~
~~~~~~~~~~~
    + CategoryInfo            
  : NotSpecifi    ed: 
([33m[plugin     
vite:reporter] :St    ring) 
[], RemoteEx    ception
    + FullyQualifiedEr    
rorId : NativeComm    andError
 
(!) C:/Users/rv941/.gemini/ant
igravity/scratch/bible-gpt/src
/services/bibleService.ts is 
dynamically imported by C:/Use
rs/rv941/.gemini/antigravity/s
cratch/bible-gpt/src/screens/L
ibraryScreen.tsx but also 
statically imported by C:/User
s/rv941/.gemini/antigravity/sc
ratch/bible-gpt/src/screens/Li
braryScreen.tsx, dynamic 
import will not move module 
into another chunk.
[39m
rendering chunks...
computing gzip size...
[2mdist/[22m[32mindex.html                 [39m[1m[2m  0.45 kB[22m[1m[22m[2m Γöé gzip:   0.28 kB[22m
[2mdist/[22m[35massets/index-Be21Fne8.css  [39m[1m[2m 54.28 kB[22m[1m[22m[2m Γöé gzip:   9.33 kB[22m
[2mdist/[22m[36massets/index-Ci_hp8BI.js   [39m[1m[33m846.02 kB[39m[22m[2m Γöé gzip: 233.15 kB[22m
[33m
(!) Some chunks are larger 
than 500 kB after 
minification. Consider:
- Using dynamic import() to 
code-split the application
- Use build.rollupOptions.outp
ut.manualChunks to improve 
chunking: https://rollupjs.org
/configuration-options/#output
-manualchunks
- Adjust chunk size limit for 
this warning via build.chunkSi
zeWarningLimit.[39m
[32mΓ£ô built in 8.65s[39m
